Loading db file '/home/mg.lowpower/do/libnangate/NangateOpenCellLibrary_typical_ecsm.db'
Information: Propagating switching activity (low effort zero delay simulation). (PWR-6)
Warning: Design has unannotated primary inputs. (PWR-414)
Warning: Design has unannotated sequential cell outputs. (PWR-415)
 
****************************************
Report : power
        -analysis_effort low
Design : dp
Version: F-2011.09-SP3
Date   : Fri Jan 17 17:45:44 2020
****************************************


Library(s) Used:

    NangateOpenCellLibrary (File: /home/mg.lowpower/do/libnangate/NangateOpenCellLibrary_typical_ecsm.db)


Operating Conditions: typical   Library: NangateOpenCellLibrary
Wire Load Model Mode: top

Design        Wire Load Model            Library
------------------------------------------------
dp                     5K_hvratio_1_1    NangateOpenCellLibrary


Global Operating Voltage = 1.1  
Power-specific unit information :
    Voltage Units = 1V
    Capacitance Units = 1.000000ff
    Time Units = 1ns
    Dynamic Power Units = 1uW    (derived from V,C,T units)
    Leakage Power Units = 1nW


  Cell Internal Power  =   1.8788 mW   (70%)
  Net Switching Power  = 792.9004 uW   (30%)
                         ---------
Total Dynamic Power    =   2.6717 mW  (100%)

Cell Leakage Power     = 476.0654 uW


                 Internal         Switching           Leakage            Total
Power Group      Power            Power               Power              Power   (   %    )  Attrs
--------------------------------------------------------------------------------------------------
io_pad             0.0000            0.0000            0.0000            0.0000  (   0.00%)
memory             0.0000            0.0000            0.0000            0.0000  (   0.00%)
black_box          0.0000            0.0000            0.0000            0.0000  (   0.00%)
clock_network    414.7228          331.8120        1.1137e+04          757.6715  (  24.07%)
register       1.3315e+03           10.1441        1.9864e+05        1.5403e+03  (  48.93%)
sequential         0.0000            0.0000            0.0000            0.0000  (   0.00%)
combinational    132.4960          450.9449        2.6629e+05          849.7299  (  26.99%)
--------------------------------------------------------------------------------------------------
Total          1.8788e+03 uW       792.9010 uW     4.7607e+05 nW     3.1477e+03 uW
1
