 
****************************************
Report : power
        -cell
        -analysis_effort low
        -sort_mode cell_internal_power
Design : top
Version: O-2018.06-SP4
Date   : Tue Apr 28 19:51:35 2020
****************************************


Library(s) Used:

    NangateOpenCellLibrary (File: /software/dk/nangate45/synopsys/NangateOpenCellLibrary_typical_ecsm_nowlm.db)


Operating Conditions: typical   Library: NangateOpenCellLibrary
Wire Load Model Mode: top

Design        Wire Load Model            Library
------------------------------------------------
top                    5K_hvratio_1_1    NangateOpenCellLibrary


Global Operating Voltage = 1.1  
Power-specific unit information :
    Voltage Units = 1V
    Capacitance Units = 1.000000ff
    Time Units = 1ns
    Dynamic Power Units = 1uW    (derived from V,C,T units)
    Leakage Power Units = 1nW



  Attributes
  ----------
      h  -  Hierarchical cell

                        Cell      Driven Net  Tot Dynamic      Cell
                        Internal  Switching   Power            Leakage
Cell                    Power     Power       (% Cell/Tot)     Power      Attrs
--------------------------------------------------------------------------------
dp_1                    1.810e+03       N/A        N/A (N/A)   480842.0312
                                                                          h
main_1                    62.9167       N/A        N/A (N/A)   32244.8066 h
U2                         0.0172    0.0449   6.21e-02 (28%)     15.6326   
--------------------------------------------------------------------------------
Totals (3 cells)           1.873mW     N/A         N/A (N/A)    513.102uW
1
