Information: Updating design information... (UID-85)
Information: Propagating switching activity (low effort zero delay simulation). (PWR-6)
 
****************************************
Report : power
        -analysis_effort low
Design : dp
Version: F-2011.09-SP3
Date   : Fri Jan 17 20:03:47 2020
****************************************


Library(s) Used:

    NangateOpenCellLibrary (File: /home/mg.lowpower/do/libnangate/NangateOpenCellLibrary_typical_ecsm.db)


Operating Conditions: typical   Library: NangateOpenCellLibrary
Wire Load Model Mode: top

Design        Wire Load Model            Library
------------------------------------------------
dp                     5K_hvratio_1_1    NangateOpenCellLibrary


Global Operating Voltage = 1.1  
Power-specific unit information :
    Voltage Units = 1V
    Capacitance Units = 1.000000ff
    Time Units = 1ns
    Dynamic Power Units = 1uW    (derived from V,C,T units)
    Leakage Power Units = 1nW


  Cell Internal Power  =   3.4047 mW   (66%)
  Net Switching Power  =   1.7522 mW   (34%)
                         ---------
Total Dynamic Power    =   5.1569 mW  (100%)

Cell Leakage Power     = 739.2374 uW


                 Internal         Switching           Leakage            Total
Power Group      Power            Power               Power              Power   (   %    )  Attrs
--------------------------------------------------------------------------------------------------
io_pad             0.0000            0.0000            0.0000            0.0000  (   0.00%)
memory             0.0000            0.0000            0.0000            0.0000  (   0.00%)
black_box          0.0000            0.0000            0.0000            0.0000  (   0.00%)
clock_network  1.6506e+03          170.2439        5.3981e+04        1.8748e+03  (  31.80%)
register         947.0117           31.3426        4.0123e+05        1.3796e+03  (  23.40%)
sequential         0.0000            0.0000            0.0000            0.0000  (   0.00%)
combinational    807.0978        1.5506e+03        2.8402e+05        2.6417e+03  (  44.80%)
--------------------------------------------------------------------------------------------------
Total          3.4047e+03 uW     1.7522e+03 uW     7.3923e+05 nW     5.8961e+03 uW
1
