 
****************************************
Report : area
Design : top
Version: O-2018.06-SP4
Date   : Tue Apr 28 19:44:30 2020
****************************************

Library(s) Used:

    NangateOpenCellLibrary (File: /software/dk/nangate45/synopsys/NangateOpenCellLibrary_typical_ecsm_nowlm.db)

Number of ports:                          282
Number of nets:                         14858
Number of cells:                        12727
Number of combinational cells:          10182
Number of sequential cells:              2543
Number of macros/black boxes:               0
Number of buf/inv:                       3750
Number of references:                      30

Combinational area:              16552.914169
Buf/Inv area:                     2109.646009
Noncombinational area:           14519.610311
Macro/Black Box area:                0.000000
Net Interconnect area:      undefined  (Wire load has zero net area)

Total cell area:                 31072.524480
Total area:                 undefined
1
