Loading db file '/home/mg.lowpower/do/libnangate/NangateOpenCellLibrary_typical_ecsm.db'
Information: Propagating switching activity (low effort zero delay simulation). (PWR-6)
Warning: Design has unannotated primary inputs. (PWR-414)
Warning: Design has unannotated sequential cell outputs. (PWR-415)
 
****************************************
Report : power
        -analysis_effort low
Design : dp
Version: F-2011.09-SP3
Date   : Tue Jan 21 21:41:41 2020
****************************************


Library(s) Used:

    NangateOpenCellLibrary (File: /home/mg.lowpower/do/libnangate/NangateOpenCellLibrary_typical_ecsm.db)


Operating Conditions: typical   Library: NangateOpenCellLibrary
Wire Load Model Mode: top

Design        Wire Load Model            Library
------------------------------------------------
dp                     5K_hvratio_1_1    NangateOpenCellLibrary


Global Operating Voltage = 1.1  
Power-specific unit information :
    Voltage Units = 1V
    Capacitance Units = 1.000000ff
    Time Units = 1ns
    Dynamic Power Units = 1uW    (derived from V,C,T units)
    Leakage Power Units = 1nW


  Cell Internal Power  =   1.7440 mW   (69%)
  Net Switching Power  = 771.1015 uW   (31%)
                         ---------
Total Dynamic Power    =   2.5151 mW  (100%)

Cell Leakage Power     = 509.6946 uW


                 Internal         Switching           Leakage            Total
Power Group      Power            Power               Power              Power   (   %    )  Attrs
--------------------------------------------------------------------------------------------------
io_pad             0.0000            0.0000            0.0000            0.0000  (   0.00%)
memory             0.0000            0.0000            0.0000            0.0000  (   0.00%)
black_box          0.0000            0.0000            0.0000            0.0000  (   0.00%)
clock_network    387.1002          303.1607        1.1468e+04          701.7281  (  23.20%)
register       1.2292e+03           15.8635        2.1655e+05        1.4616e+03  (  48.32%)
sequential         0.0000            0.0000            0.0000            0.0000  (   0.00%)
combinational    127.6537          452.0771        2.8168e+05          861.4083  (  28.48%)
--------------------------------------------------------------------------------------------------
Total          1.7440e+03 uW       771.1012 uW     5.0970e+05 nW     3.0248e+03 uW
1
