Information: Updating design information... (UID-85)
Information: Propagating switching activity (low effort zero delay simulation). (PWR-6)
 
****************************************
Report : power
        -analysis_effort low
Design : dp
Version: F-2011.09-SP3
Date   : Tue Jan 21 21:44:51 2020
****************************************


Library(s) Used:

    NangateOpenCellLibrary (File: /home/mg.lowpower/do/libnangate/NangateOpenCellLibrary_typical_ecsm.db)


Operating Conditions: typical   Library: NangateOpenCellLibrary
Wire Load Model Mode: top

Design        Wire Load Model            Library
------------------------------------------------
dp                     5K_hvratio_1_1    NangateOpenCellLibrary


Global Operating Voltage = 1.1  
Power-specific unit information :
    Voltage Units = 1V
    Capacitance Units = 1.000000ff
    Time Units = 1ns
    Dynamic Power Units = 1uW    (derived from V,C,T units)
    Leakage Power Units = 1nW


  Cell Internal Power  =   3.4545 mW   (75%)
  Net Switching Power  =   1.1281 mW   (25%)
                         ---------
Total Dynamic Power    =   4.5827 mW  (100%)

Cell Leakage Power     = 526.8217 uW


                 Internal         Switching           Leakage            Total
Power Group      Power            Power               Power              Power   (   %    )  Attrs
--------------------------------------------------------------------------------------------------
io_pad             0.0000            0.0000            0.0000            0.0000  (   0.00%)
memory             0.0000            0.0000            0.0000            0.0000  (   0.00%)
black_box          0.0000            0.0000            0.0000            0.0000  (   0.00%)
clock_network    471.4471          795.3086        1.1241e+04        1.2780e+03  (  25.01%)
register       2.8156e+03           48.8969        2.3570e+05        3.1002e+03  (  60.68%)
sequential         0.0000            0.0000            0.0000            0.0000  (   0.00%)
combinational    167.4730          283.9310        2.7988e+05          731.2874  (  14.31%)
--------------------------------------------------------------------------------------------------
Total          3.4545e+03 uW     1.1281e+03 uW     5.2682e+05 nW     5.1095e+03 uW
1
