Loading db file '/software/dk/nangate45/synopsys/NangateOpenCellLibrary_typical_ecsm_nowlm.db'
Information: Propagating switching activity (low effort zero delay simulation). (PWR-6)
Warning: Design has unannotated primary inputs. (PWR-414)
Warning: Design has unannotated sequential cell outputs. (PWR-415)
 
****************************************
Report : power
        -analysis_effort low
Design : dp_extra
Version: O-2018.06-SP4
Date   : Wed Apr 29 16:30:40 2020
****************************************


Library(s) Used:

    NangateOpenCellLibrary (File: /software/dk/nangate45/synopsys/NangateOpenCellLibrary_typical_ecsm_nowlm.db)


Operating Conditions: typical   Library: NangateOpenCellLibrary
Wire Load Model Mode: top

Design        Wire Load Model            Library
------------------------------------------------
dp_extra               5K_hvratio_1_1    NangateOpenCellLibrary


Global Operating Voltage = 1.1  
Power-specific unit information :
    Voltage Units = 1V
    Capacitance Units = 1.000000ff
    Time Units = 1ns
    Dynamic Power Units = 1uW    (derived from V,C,T units)
    Leakage Power Units = 1nW


  Cell Internal Power  = 178.7524 uW   (76%)
  Net Switching Power  =  55.4865 uW   (24%)
                         ---------
Total Dynamic Power    = 234.2389 uW  (100%)

Cell Leakage Power     =  31.4260 uW


                 Internal         Switching           Leakage            Total
Power Group      Power            Power               Power              Power   (   %    )  Attrs
--------------------------------------------------------------------------------------------------
io_pad             0.0000            0.0000            0.0000            0.0000  (   0.00%)
memory             0.0000            0.0000            0.0000            0.0000  (   0.00%)
black_box          0.0000            0.0000            0.0000            0.0000  (   0.00%)
clock_network     35.8598           18.1938          948.8818           55.0025  (  20.70%)
register         100.0644            9.3203        1.1851e+04          121.2355  (  45.63%)
sequential         0.0000            0.0000            0.0000            0.0000  (   0.00%)
combinational     42.8282           27.9724        1.8626e+04           89.4270  (  33.66%)
--------------------------------------------------------------------------------------------------
Total            178.7524 uW        55.4865 uW     3.1426e+04 nW       265.6650 uW
1
