Loading db file '/home/mg.lowpower/do/libnangate/NangateOpenCellLibrary_typical_ecsm.db'
Information: Propagating switching activity (low effort zero delay simulation). (PWR-6)
Warning: Design has unannotated primary inputs. (PWR-414)
Warning: Design has unannotated sequential cell outputs. (PWR-415)
 
****************************************
Report : power
        -analysis_effort low
Design : dp
Version: F-2011.09-SP3
Date   : Tue Jan 21 00:48:46 2020
****************************************


Library(s) Used:

    NangateOpenCellLibrary (File: /home/mg.lowpower/do/libnangate/NangateOpenCellLibrary_typical_ecsm.db)


Operating Conditions: typical   Library: NangateOpenCellLibrary
Wire Load Model Mode: top

Design        Wire Load Model            Library
------------------------------------------------
dp                     5K_hvratio_1_1    NangateOpenCellLibrary


Global Operating Voltage = 1.1  
Power-specific unit information :
    Voltage Units = 1V
    Capacitance Units = 1.000000ff
    Time Units = 1ns
    Dynamic Power Units = 1uW    (derived from V,C,T units)
    Leakage Power Units = 1nW


  Cell Internal Power  =   2.1958 mW   (72%)
  Net Switching Power  = 872.0576 uW   (28%)
                         ---------
Total Dynamic Power    =   3.0679 mW  (100%)

Cell Leakage Power     = 491.0042 uW


                 Internal         Switching           Leakage            Total
Power Group      Power            Power               Power              Power   (   %    )  Attrs
--------------------------------------------------------------------------------------------------
io_pad             0.0000            0.0000            0.0000            0.0000  (   0.00%)
memory             0.0000            0.0000            0.0000            0.0000  (   0.00%)
black_box          0.0000            0.0000            0.0000            0.0000  (   0.00%)
clock_network    446.6696          402.4843        1.1149e+04          860.3032  (  24.17%)
register       1.6208e+03           11.3020        2.0488e+05        1.8370e+03  (  51.62%)
sequential         0.0000            0.0000            0.0000            0.0000  (   0.00%)
combinational    128.3257          458.2698        2.7498e+05          861.5750  (  24.21%)
--------------------------------------------------------------------------------------------------
Total          2.1958e+03 uW       872.0562 uW     4.9101e+05 nW     3.5589e+03 uW
1
