Information: Updating design information... (UID-85)
Information: Propagating switching activity (low effort zero delay simulation). (PWR-6)
 
****************************************
Report : power
        -analysis_effort low
Design : dp
Version: F-2011.09-SP3
Date   : Fri Jan 31 03:15:43 2020
****************************************


Library(s) Used:

    NangateOpenCellLibrary (File: /home/mg.lowpower/do/libnangate/NangateOpenCellLibrary_typical_ecsm.db)


Operating Conditions: typical   Library: NangateOpenCellLibrary
Wire Load Model Mode: top

Design        Wire Load Model            Library
------------------------------------------------
dp                     5K_hvratio_1_1    NangateOpenCellLibrary


Global Operating Voltage = 1.1  
Power-specific unit information :
    Voltage Units = 1V
    Capacitance Units = 1.000000ff
    Time Units = 1ns
    Dynamic Power Units = 1uW    (derived from V,C,T units)
    Leakage Power Units = 1nW


  Cell Internal Power  =   6.9681 mW   (76%)
  Net Switching Power  =   2.2187 mW   (24%)
                         ---------
Total Dynamic Power    =   9.1868 mW  (100%)

Cell Leakage Power     = 528.4445 uW


                 Internal         Switching           Leakage            Total
Power Group      Power            Power               Power              Power   (   %    )  Attrs
--------------------------------------------------------------------------------------------------
io_pad             0.0000            0.0000            0.0000            0.0000  (   0.00%)
memory             0.0000            0.0000            0.0000            0.0000  (   0.00%)
black_box          0.0000            0.0000            0.0000            0.0000  (   0.00%)
clock_network    969.9349        1.5865e+03        1.1603e+04        2.5680e+03  (  26.43%)
register       5.7118e+03           96.4678        2.3860e+05        6.0468e+03  (  62.24%)
sequential         0.0000            0.0000            0.0000            0.0000  (   0.00%)
combinational    286.3186          535.7914        2.7823e+05        1.1003e+03  (  11.33%)
--------------------------------------------------------------------------------------------------
Total          6.9680e+03 uW     2.2187e+03 uW     5.2844e+05 nW     9.7152e+03 uW
1
