Information: Updating design information... (UID-85)
Information: Propagating switching activity (low effort zero delay simulation). (PWR-6)
 
****************************************
Report : power
        -analysis_effort low
Design : dp
Version: F-2011.09-SP3
Date   : Mon Jan 20 21:41:08 2020
****************************************


Library(s) Used:

    NangateOpenCellLibrary (File: /home/mg.lowpower/do/libnangate/NangateOpenCellLibrary_typical_ecsm.db)


Operating Conditions: typical   Library: NangateOpenCellLibrary
Wire Load Model Mode: top

Design        Wire Load Model            Library
------------------------------------------------
dp                     5K_hvratio_1_1    NangateOpenCellLibrary


Global Operating Voltage = 1.1  
Power-specific unit information :
    Voltage Units = 1V
    Capacitance Units = 1.000000ff
    Time Units = 1ns
    Dynamic Power Units = 1uW    (derived from V,C,T units)
    Leakage Power Units = 1nW


  Cell Internal Power  =   3.2788 mW   (75%)
  Net Switching Power  =   1.0726 mW   (25%)
                         ---------
Total Dynamic Power    =   4.3515 mW  (100%)

Cell Leakage Power     = 514.7230 uW


                 Internal         Switching           Leakage            Total
Power Group      Power            Power               Power              Power   (   %    )  Attrs
--------------------------------------------------------------------------------------------------
io_pad             0.0000            0.0000            0.0000            0.0000  (   0.00%)
memory             0.0000            0.0000            0.0000            0.0000  (   0.00%)
black_box          0.0000            0.0000            0.0000            0.0000  (   0.00%)
clock_network    468.1912          735.0526        1.1120e+04        1.2144e+03  (  24.96%)
register       2.6246e+03           28.5157        2.2268e+05        2.8758e+03  (  59.10%)
sequential         0.0000            0.0000            0.0000            0.0000  (   0.00%)
combinational    186.0437          309.0755        2.8091e+05          776.0379  (  15.95%)
--------------------------------------------------------------------------------------------------
Total          3.2788e+03 uW     1.0726e+03 uW     5.1472e+05 nW     4.8662e+03 uW
1
