 
****************************************
Report : timing
        -path full
        -delay max
        -max_paths 1
Design : pev2_2
Version: F-2011.09-SP3
Date   : Mon Oct 21 16:41:33 2019
****************************************

Operating Conditions: typical   Library: NangateOpenCellLibrary
Wire Load Model Mode: top

  Startpoint: int_q_weight_reg
              (rising edge-triggered flip-flop clocked by ck)
  Endpoint: int_q_acc_reg[8]
            (rising edge-triggered flip-flop clocked by ck)
  Path Group: ck
  Path Type: max

  Des/Clust/Port     Wire Load Model       Library
  ------------------------------------------------
  pev2_2             5K_hvratio_1_1        NangateOpenCellLibrary

  Point                                    Incr       Path
  -----------------------------------------------------------
  clock ck (rise edge)                     0.00       0.00
  clock network delay (ideal)              0.00       0.00
  int_q_weight_reg/CK (DFFR_X1)            0.00       0.00 r
  int_q_weight_reg/QN (DFFR_X1)            0.11       0.11 f
  U26/Z (XOR2_X1)                          0.10       0.21 f
  r59/U1_0/CO (FA_X1)                      0.11       0.31 f
  r59/U1_1/CO (FA_X1)                      0.09       0.40 f
  r59/U1_2/CO (FA_X1)                      0.09       0.50 f
  r59/U1_3/CO (FA_X1)                      0.09       0.59 f
  r59/U1_4/CO (FA_X1)                      0.09       0.68 f
  r59/U1_5/CO (FA_X1)                      0.09       0.77 f
  r59/U1_6/CO (FA_X1)                      0.09       0.86 f
  r59/U1_7/CO (FA_X1)                      0.09       0.95 f
  r59/U1_8/S (FA_X1)                       0.13       1.08 r
  int_q_acc_reg[8]/D (SDFFR_X1)            0.01       1.09 r
  data arrival time                                   1.09

  clock ck (rise edge)                     0.00       0.00
  clock network delay (ideal)              0.00       0.00
  int_q_acc_reg[8]/CK (SDFFR_X1)           0.00       0.00 r
  library setup time                      -0.07      -0.07
  data required time                                 -0.07
  -----------------------------------------------------------
  data required time                                 -0.07
  data arrival time                                  -1.09
  -----------------------------------------------------------
  slack (VIOLATED)                                   -1.16


1
