Loading db file '/home/mg.lowpower/do/libnangate/NangateOpenCellLibrary_typical_ecsm.db'
Information: Propagating switching activity (low effort zero delay simulation). (PWR-6)
Warning: Design has unannotated primary inputs. (PWR-414)
Warning: Design has unannotated sequential cell outputs. (PWR-415)
 
****************************************
Report : power
        -analysis_effort low
Design : dp
Version: F-2011.09-SP3
Date   : Sat Jan 18 22:47:00 2020
****************************************


Library(s) Used:

    NangateOpenCellLibrary (File: /home/mg.lowpower/do/libnangate/NangateOpenCellLibrary_typical_ecsm.db)


Operating Conditions: typical   Library: NangateOpenCellLibrary
Wire Load Model Mode: top

Design        Wire Load Model            Library
------------------------------------------------
dp                     5K_hvratio_1_1    NangateOpenCellLibrary


Global Operating Voltage = 1.1  
Power-specific unit information :
    Voltage Units = 1V
    Capacitance Units = 1.000000ff
    Time Units = 1ns
    Dynamic Power Units = 1uW    (derived from V,C,T units)
    Leakage Power Units = 1nW


  Cell Internal Power  =   2.1052 mW   (70%)
  Net Switching Power  = 896.0641 uW   (30%)
                         ---------
Total Dynamic Power    =   3.0013 mW  (100%)

Cell Leakage Power     = 566.1561 uW


                 Internal         Switching           Leakage            Total
Power Group      Power            Power               Power              Power   (   %    )  Attrs
--------------------------------------------------------------------------------------------------
io_pad             0.0000            0.0000            0.0000            0.0000  (   0.00%)
memory             0.0000            0.0000            0.0000            0.0000  (   0.00%)
black_box          0.0000            0.0000            0.0000            0.0000  (   0.00%)
clock_network    448.7590          356.9112        1.2096e+04          817.7678  (  22.92%)
register       1.4687e+03           13.5975        2.2086e+05        1.7031e+03  (  47.74%)
sequential         0.0000            0.0000            0.0000            0.0000  (   0.00%)
combinational    187.7599          525.5523        3.3321e+05        1.0465e+03  (  29.34%)
--------------------------------------------------------------------------------------------------
Total          2.1052e+03 uW       896.0610 uW     5.6616e+05 nW     3.5674e+03 uW
1
