
Power Report Interval
30000

Power Report                        Node     Tc     Ti    Time At 1    Time At 0    Time At X
---------------------------------------------------------------------------------------------
/tb_fsm_v2/dp/addr_gen_inst/even_addr(5)      2      0         6830        23170            0
/tb_fsm_v2/dp/addr_gen_inst/even_addr(4)      3      0         9465        20535            0
/tb_fsm_v2/dp/addr_gen_inst/even_addr(3)      8      0        13670        16330            0
/tb_fsm_v2/dp/addr_gen_inst/even_addr(2)     17      0        19715        10285            0
/tb_fsm_v2/dp/addr_gen_inst/even_addr(1)     52      0        18910        11090            0
/tb_fsm_v2/dp/addr_gen_inst/even_addr(0)    105      0        16915        13085            0
 /tb_fsm_v2/dp/addr_gen_inst/odd_addr(5)      2      0         6830        23170            0
 /tb_fsm_v2/dp/addr_gen_inst/odd_addr(4)      3      0         9465        20535            0
 /tb_fsm_v2/dp/addr_gen_inst/odd_addr(3)      8      0        13670        16330            0
 /tb_fsm_v2/dp/addr_gen_inst/odd_addr(2)     17      0         9275        20725            0
 /tb_fsm_v2/dp/addr_gen_inst/odd_addr(1)     52      0        18910        11090            0
 /tb_fsm_v2/dp/addr_gen_inst/odd_addr(0)    105      0        16915        13085            0
   /tb_fsm_v2/dp/addr_gen_inst/rf_ptr(1)    211      0        11515        18485            0
   /tb_fsm_v2/dp/addr_gen_inst/rf_ptr(0)    422      0        11530        18470            0
/tb_fsm_v2/dp/addr_gen_inst/int_en_tilev_ptr    210      0         1050        28950            0
/tb_fsm_v2/dp/addr_gen_inst/int_en_tileh_ptr    104      0          260        29740            0
/tb_fsm_v2/dp/addr_gen_inst/int_en_tileb_ptr     50      0           80        29920            0
/tb_fsm_v2/dp/addr_gen_inst/int_en_tilec_ptr      8      0           10        29990            0
   /tb_fsm_v2/dp/addr_gen_inst/int_tc_rd    210      0         5730        24270            0
/tb_fsm_v2/dp/addr_gen_inst/int_tc_tilev     52      0         9460        20540            0
/tb_fsm_v2/dp/addr_gen_inst/int_tc_tileh     17      0         9295        20705            0
/tb_fsm_v2/dp/addr_gen_inst/int_tc_tileb      2      0         3420        26580            0
/tb_fsm_v2/dp/addr_gen_inst/int_rf_ptr(1)    211      0        11515        18485            0
/tb_fsm_v2/dp/addr_gen_inst/int_rf_ptr(0)    422      0        11530        18470            0
/tb_fsm_v2/dp/addr_gen_inst/int_tilev_ptr(1)     52      0        18920        11080            0
/tb_fsm_v2/dp/addr_gen_inst/int_tilev_ptr(0)    105      0        16935        13065            0
/tb_fsm_v2/dp/addr_gen_inst/int_tileh_ptr(1)     17      0         9295        20705            0
/tb_fsm_v2/dp/addr_gen_inst/int_tileh_ptr(0)     18      0        10440        19560            0
/tb_fsm_v2/dp/addr_gen_inst/int_inc_even     86      0          170        29830            0
 /tb_fsm_v2/dp/addr_gen_inst/int_inc_odd     86      0          170        29830            0
/tb_fsm_v2/dp/addr_gen_inst/int_offset_val(2)      1      0        30000            0            0
/tb_fsm_v2/dp/addr_gen_inst/int_even_offset(5)      2      0         6840        23160            0
/tb_fsm_v2/dp/addr_gen_inst/int_even_offset(4)      3      0         9475        20525            0
/tb_fsm_v2/dp/addr_gen_inst/int_even_offset(3)      8      0        13680        16320            0
/tb_fsm_v2/dp/addr_gen_inst/int_even_offset(2)     17      0        19735        10265            0
/tb_fsm_v2/dp/addr_gen_inst/int_odd_offset(5)      2      0         6840        23160            0
/tb_fsm_v2/dp/addr_gen_inst/int_odd_offset(4)      3      0         9475        20525            0
/tb_fsm_v2/dp/addr_gen_inst/int_odd_offset(3)      8      0        13680        16320            0
/tb_fsm_v2/dp/addr_gen_inst/int_odd_offset(2)     17      0         9295        20705            0
/tb_fsm_v2/dp/addr_gen_inst/int_even_addr(5)      2      0         6830        23170            0
/tb_fsm_v2/dp/addr_gen_inst/int_even_addr(4)      3      0         9465        20535            0
/tb_fsm_v2/dp/addr_gen_inst/int_even_addr(3)      8      0        13670        16330            0
/tb_fsm_v2/dp/addr_gen_inst/int_even_addr(2)     17      0        19715        10285            0
/tb_fsm_v2/dp/addr_gen_inst/int_even_addr(1)     52      0        18910        11090            0
/tb_fsm_v2/dp/addr_gen_inst/int_even_addr(0)    105      0        16915        13085            0
/tb_fsm_v2/dp/addr_gen_inst/int_odd_addr(5)      2      0         6830        23170            0
/tb_fsm_v2/dp/addr_gen_inst/int_odd_addr(4)      3      0         9465        20535            0
/tb_fsm_v2/dp/addr_gen_inst/int_odd_addr(3)      8      0        13670        16330            0
/tb_fsm_v2/dp/addr_gen_inst/int_odd_addr(2)     17      0         9275        20725            0
/tb_fsm_v2/dp/addr_gen_inst/int_odd_addr(1)     52      0        18910        11090            0
/tb_fsm_v2/dp/addr_gen_inst/int_odd_addr(0)    105      0        16915        13085            0
---------------------------------------------------------------------------------------------

