Information: Updating design information... (UID-85)
Information: Propagating switching activity (low effort zero delay simulation). (PWR-6)
 
****************************************
Report : power
        -analysis_effort low
Design : dp
Version: F-2011.09-SP3
Date   : Fri Jan 31 03:27:03 2020
****************************************


Library(s) Used:

    NangateOpenCellLibrary (File: /home/mg.lowpower/do/libnangate/NangateOpenCellLibrary_typical_ecsm.db)


Operating Conditions: typical   Library: NangateOpenCellLibrary
Wire Load Model Mode: top

Design        Wire Load Model            Library
------------------------------------------------
dp                     5K_hvratio_1_1    NangateOpenCellLibrary


Global Operating Voltage = 1.1  
Power-specific unit information :
    Voltage Units = 1V
    Capacitance Units = 1.000000ff
    Time Units = 1ns
    Dynamic Power Units = 1uW    (derived from V,C,T units)
    Leakage Power Units = 1nW


  Cell Internal Power  =   7.3839 mW   (65%)
  Net Switching Power  =   3.9304 mW   (35%)
                         ---------
Total Dynamic Power    =  11.3143 mW  (100%)

Cell Leakage Power     = 534.0439 uW


                 Internal         Switching           Leakage            Total
Power Group      Power            Power               Power              Power   (   %    )  Attrs
--------------------------------------------------------------------------------------------------
io_pad             0.0000            0.0000            0.0000            0.0000  (   0.00%)
memory             0.0000            0.0000            0.0000            0.0000  (   0.00%)
black_box          0.0000            0.0000            0.0000            0.0000  (   0.00%)
clock_network    884.2882        1.7198e+03        1.1646e+04        2.6158e+03  (  22.08%)
register       5.6512e+03           96.6076        2.3984e+05        5.9877e+03  (  50.54%)
sequential         0.0000            0.0000            0.0000            0.0000  (   0.00%)
combinational    848.4012        2.1140e+03        2.8255e+05        3.2450e+03  (  27.39%)
--------------------------------------------------------------------------------------------------
Total          7.3839e+03 uW     3.9305e+03 uW     5.3404e+05 nW     1.1848e+04 uW
1
