Information: Updating design information... (UID-85)
Information: Propagating switching activity (low effort zero delay simulation). (PWR-6)
 
****************************************
Report : power
        -analysis_effort low
Design : dp
Version: F-2011.09-SP3
Date   : Mon Jan 20 21:53:03 2020
****************************************


Library(s) Used:

    NangateOpenCellLibrary (File: /home/mg.lowpower/do/libnangate/NangateOpenCellLibrary_typical_ecsm.db)


Operating Conditions: typical   Library: NangateOpenCellLibrary
Wire Load Model Mode: top

Design        Wire Load Model            Library
------------------------------------------------
dp                     5K_hvratio_1_1    NangateOpenCellLibrary


Global Operating Voltage = 1.1  
Power-specific unit information :
    Voltage Units = 1V
    Capacitance Units = 1.000000ff
    Time Units = 1ns
    Dynamic Power Units = 1uW    (derived from V,C,T units)
    Leakage Power Units = 1nW


  Cell Internal Power  =   3.4090 mW   (62%)
  Net Switching Power  =   2.0882 mW   (38%)
                         ---------
Total Dynamic Power    =   5.4972 mW  (100%)

Cell Leakage Power     = 522.9753 uW


                 Internal         Switching           Leakage            Total
Power Group      Power            Power               Power              Power   (   %    )  Attrs
--------------------------------------------------------------------------------------------------
io_pad             0.0000            0.0000            0.0000            0.0000  (   0.00%)
memory             0.0000            0.0000            0.0000            0.0000  (   0.00%)
black_box          0.0000            0.0000            0.0000            0.0000  (   0.00%)
clock_network    430.2974          795.3329        1.1158e+04        1.2368e+03  (  20.54%)
register       2.2532e+03           39.7699        2.2547e+05        2.5184e+03  (  41.83%)
sequential         0.0000            0.0000            0.0000            0.0000  (   0.00%)
combinational    725.5501        1.2531e+03        2.8634e+05        2.2650e+03  (  37.62%)
--------------------------------------------------------------------------------------------------
Total          3.4090e+03 uW     2.0882e+03 uW     5.2297e+05 nW     6.0202e+03 uW
1
