Loading db file '/home/mg.lowpower/do/libnangate/NangateOpenCellLibrary_typical_ecsm.db'
Information: Propagating switching activity (low effort zero delay simulation). (PWR-6)
Warning: Design has unannotated primary inputs. (PWR-414)
Warning: Design has unannotated sequential cell outputs. (PWR-415)
 
****************************************
Report : power
        -analysis_effort low
Design : dp
Version: F-2011.09-SP3
Date   : Fri Jan 31 20:03:00 2020
****************************************


Library(s) Used:

    NangateOpenCellLibrary (File: /home/mg.lowpower/do/libnangate/NangateOpenCellLibrary_typical_ecsm.db)


Operating Conditions: typical   Library: NangateOpenCellLibrary
Wire Load Model Mode: top

Design        Wire Load Model            Library
------------------------------------------------
dp                     5K_hvratio_1_1    NangateOpenCellLibrary


Global Operating Voltage = 1.1  
Power-specific unit information :
    Voltage Units = 1V
    Capacitance Units = 1.000000ff
    Time Units = 1ns
    Dynamic Power Units = 1uW    (derived from V,C,T units)
    Leakage Power Units = 1nW


  Cell Internal Power  =   1.7371 mW   (70%)
  Net Switching Power  = 755.4634 uW   (30%)
                         ---------
Total Dynamic Power    =   2.4925 mW  (100%)

Cell Leakage Power     = 522.5985 uW


                 Internal         Switching           Leakage            Total
Power Group      Power            Power               Power              Power   (   %    )  Attrs
--------------------------------------------------------------------------------------------------
io_pad             0.0000            0.0000            0.0000            0.0000  (   0.00%)
memory             0.0000            0.0000            0.0000            0.0000  (   0.00%)
black_box          0.0000            0.0000            0.0000            0.0000  (   0.00%)
clock_network    397.6581          292.7606        1.1895e+04          702.3132  (  23.29%)
register       1.2079e+03           16.5056        2.1884e+05        1.4433e+03  (  47.87%)
sequential         0.0000            0.0000            0.0000            0.0000  (   0.00%)
combinational    131.4927          446.1968        2.9186e+05          869.5527  (  28.84%)
--------------------------------------------------------------------------------------------------
Total          1.7371e+03 uW       755.4630 uW     5.2260e+05 nW     3.0151e+03 uW
1
