Information: Updating design information... (UID-85)
Warning: Design 'dp' contains 1 high-fanout nets. A fanout number of 1000 will be used for delay calculations involving these nets. (TIM-134)
Information: Propagating switching activity (low effort zero delay simulation). (PWR-6)
Warning: There is no defined clock in the design. (PWR-80)
 
****************************************
Report : power
        -analysis_effort low
Design : dp
Version: O-2018.06-SP4
Date   : Tue Apr 28 22:20:05 2020
****************************************


Library(s) Used:

    NangateOpenCellLibrary (File: /software/dk/nangate45/synopsys/NangateOpenCellLibrary_typical_ecsm_nowlm.db)


Operating Conditions: typical   Library: NangateOpenCellLibrary
Wire Load Model Mode: top

Design        Wire Load Model            Library
------------------------------------------------
dp                     5K_hvratio_1_1    NangateOpenCellLibrary


Global Operating Voltage = 1.1  
Power-specific unit information :
    Voltage Units = 1V
    Capacitance Units = 1.000000ff
    Time Units = 1ns
    Dynamic Power Units = 1uW    (derived from V,C,T units)
    Leakage Power Units = 1nW


  Cell Internal Power  =   4.2957 mW   (74%)
  Net Switching Power  =   1.4705 mW   (26%)
                         ---------
Total Dynamic Power    =   5.7662 mW  (100%)

Cell Leakage Power     = 514.9517 uW


                 Internal         Switching           Leakage            Total
Power Group      Power            Power               Power              Power   (   %    )  Attrs
--------------------------------------------------------------------------------------------------
io_pad             0.0000            0.0000            0.0000            0.0000  (   0.00%)
memory             0.0000            0.0000            0.0000            0.0000  (   0.00%)
black_box          0.0000            0.0000            0.0000            0.0000  (   0.00%)
clock_network    861.4868          773.7358        1.5345e+04        1.6506e+03  (  26.28%)
register       2.9165e+03           59.5115        2.0697e+05        3.1830e+03  (  50.67%)
sequential         0.0000            0.0000            0.0000            0.0000  (   0.00%)
combinational    517.7153          637.2549        2.9264e+05        1.4476e+03  (  23.05%)
--------------------------------------------------------------------------------------------------
Total          4.2957e+03 uW     1.4705e+03 uW     5.1495e+05 nW     6.2811e+03 uW
1
