Information: Updating design information... (UID-85)
Warning: Design 'dp' contains 1 high-fanout nets. A fanout number of 1000 will be used for delay calculations involving these nets. (TIM-134)
Information: Propagating switching activity (low effort zero delay simulation). (PWR-6)
 
****************************************
Report : power
        -analysis_effort low
Design : dp
Version: F-2011.09-SP3
Date   : Mon Jan 20 21:45:23 2020
****************************************


Library(s) Used:

    NangateOpenCellLibrary (File: /home/mg.lowpower/do/libnangate/NangateOpenCellLibrary_typical_ecsm.db)


Operating Conditions: typical   Library: NangateOpenCellLibrary
Wire Load Model Mode: top

Design        Wire Load Model            Library
------------------------------------------------
dp                     5K_hvratio_1_1    NangateOpenCellLibrary


Global Operating Voltage = 1.1  
Power-specific unit information :
    Voltage Units = 1V
    Capacitance Units = 1.000000ff
    Time Units = 1ns
    Dynamic Power Units = 1uW    (derived from V,C,T units)
    Leakage Power Units = 1nW


  Cell Internal Power  =   4.5976 mW   (91%)
  Net Switching Power  = 429.0251 uW    (9%)
                         ---------
Total Dynamic Power    =   5.0267 mW  (100%)

Cell Leakage Power     = 544.8936 uW


                 Internal         Switching           Leakage            Total
Power Group      Power            Power               Power              Power   (   %    )  Attrs
--------------------------------------------------------------------------------------------------
io_pad             0.0000            0.0000            0.0000            0.0000  (   0.00%)
memory             0.0000            0.0000            0.0000            0.0000  (   0.00%)
black_box          0.0000            0.0000            0.0000            0.0000  (   0.00%)
clock_network      0.0000            0.0000            0.0000            0.0000  (   0.00%)
register       4.3841e+03           32.8356        2.2327e+05        4.6402e+03  (  83.28%)
sequential         0.0000            0.0000            0.0000            0.0000  (   0.00%)
combinational    213.5963          396.1867        3.2162e+05          931.4070  (  16.72%)
--------------------------------------------------------------------------------------------------
Total          4.5977e+03 uW       429.0223 uW     5.4489e+05 nW     5.5716e+03 uW
1
