Loading db file '/home/mg.lowpower/do/libnangate/NangateOpenCellLibrary_typical_ecsm.db'
Information: Propagating switching activity (low effort zero delay simulation). (PWR-6)
Warning: Design has unannotated primary inputs. (PWR-414)
Warning: Design has unannotated sequential cell outputs. (PWR-415)
 
****************************************
Report : power
        -analysis_effort low
Design : dp
Version: F-2011.09-SP3
Date   : Tue Feb  4 01:50:51 2020
****************************************


Library(s) Used:

    NangateOpenCellLibrary (File: /home/mg.lowpower/do/libnangate/NangateOpenCellLibrary_typical_ecsm.db)


Operating Conditions: typical   Library: NangateOpenCellLibrary
Wire Load Model Mode: top

Design        Wire Load Model            Library
------------------------------------------------
dp                     5K_hvratio_1_1    NangateOpenCellLibrary


Global Operating Voltage = 1.1  
Power-specific unit information :
    Voltage Units = 1V
    Capacitance Units = 1.000000ff
    Time Units = 1ns
    Dynamic Power Units = 1uW    (derived from V,C,T units)
    Leakage Power Units = 1nW


  Cell Internal Power  =   1.6879 mW   (70%)
  Net Switching Power  = 734.0502 uW   (30%)
                         ---------
Total Dynamic Power    =   2.4220 mW  (100%)

Cell Leakage Power     = 512.8076 uW


                 Internal         Switching           Leakage            Total
Power Group      Power            Power               Power              Power   (   %    )  Attrs
--------------------------------------------------------------------------------------------------
io_pad             0.0000            0.0000            0.0000            0.0000  (   0.00%)
memory             0.0000            0.0000            0.0000            0.0000  (   0.00%)
black_box          0.0000            0.0000            0.0000            0.0000  (   0.00%)
clock_network    397.9997          284.2216        1.2025e+04          694.2462  (  23.66%)
register       1.1696e+03           15.4120        2.1889e+05        1.4039e+03  (  47.84%)
sequential         0.0000            0.0000            0.0000            0.0000  (   0.00%)
combinational    120.3716          434.4150        2.8189e+05          836.6760  (  28.51%)
--------------------------------------------------------------------------------------------------
Total          1.6879e+03 uW       734.0487 uW     5.1280e+05 nW     2.9348e+03 uW
1
