Loading db file '/home/mg.lowpower/do/libnangate/NangateOpenCellLibrary_typical_ecsm.db'
Information: Propagating switching activity (low effort zero delay simulation). (PWR-6)
Warning: Design has unannotated primary inputs. (PWR-414)
Warning: Design has unannotated sequential cell outputs. (PWR-415)
 
****************************************
Report : power
        -analysis_effort low
Design : dp
Version: F-2011.09-SP3
Date   : Fri Feb 14 20:06:29 2020
****************************************


Library(s) Used:

    NangateOpenCellLibrary (File: /home/mg.lowpower/do/libnangate/NangateOpenCellLibrary_typical_ecsm.db)


Operating Conditions: typical   Library: NangateOpenCellLibrary
Wire Load Model Mode: top

Design        Wire Load Model            Library
------------------------------------------------
dp                     5K_hvratio_1_1    NangateOpenCellLibrary


Global Operating Voltage = 1.1  
Power-specific unit information :
    Voltage Units = 1V
    Capacitance Units = 1.000000ff
    Time Units = 1ns
    Dynamic Power Units = 1uW    (derived from V,C,T units)
    Leakage Power Units = 1nW


  Cell Internal Power  =   3.2135 mW   (75%)
  Net Switching Power  =   1.0652 mW   (25%)
                         ---------
Total Dynamic Power    =   4.2787 mW  (100%)

Cell Leakage Power     =   1.0732 mW


                 Internal         Switching           Leakage            Total
Power Group      Power            Power               Power              Power   (   %    )  Attrs
--------------------------------------------------------------------------------------------------
io_pad             0.0000            0.0000            0.0000            0.0000  (   0.00%)
memory             0.0000            0.0000            0.0000            0.0000  (   0.00%)
black_box          0.0000            0.0000            0.0000            0.0000  (   0.00%)
clock_network  1.5962e+03          141.1012        6.0880e+04        1.7982e+03  (  33.60%)
register       1.3789e+03           26.4212        6.4968e+05        2.0550e+03  (  38.40%)
sequential         0.0000            0.0000            0.0000            0.0000  (   0.00%)
combinational    238.3843          897.6455        3.6267e+05        1.4987e+03  (  28.00%)
--------------------------------------------------------------------------------------------------
Total          3.2135e+03 uW     1.0652e+03 uW     1.0732e+06 nW     5.3519e+03 uW
1
