Information: Propagating switching activity (low effort zero delay simulation). (PWR-6)
 
****************************************
Report : power
        -analysis_effort low
Design : dp
Version: F-2011.09-SP3
Date   : Fri Feb 14 20:12:05 2020
****************************************


Library(s) Used:

    NangateOpenCellLibrary (File: /home/mg.lowpower/do/libnangate/NangateOpenCellLibrary_typical_ecsm.db)


Operating Conditions: typical   Library: NangateOpenCellLibrary
Wire Load Model Mode: top

Design        Wire Load Model            Library
------------------------------------------------
dp                     5K_hvratio_1_1    NangateOpenCellLibrary


Global Operating Voltage = 1.1  
Power-specific unit information :
    Voltage Units = 1V
    Capacitance Units = 1.000000ff
    Time Units = 1ns
    Dynamic Power Units = 1uW    (derived from V,C,T units)
    Leakage Power Units = 1nW


  Cell Internal Power  =   3.5435 mW   (71%)
  Net Switching Power  =   1.4614 mW   (29%)
                         ---------
Total Dynamic Power    =   5.0049 mW  (100%)

Cell Leakage Power     =   1.1157 mW


                 Internal         Switching           Leakage            Total
Power Group      Power            Power               Power              Power   (   %    )  Attrs
--------------------------------------------------------------------------------------------------
io_pad             0.0000            0.0000            0.0000            0.0000  (   0.00%)
memory             0.0000            0.0000            0.0000            0.0000  (   0.00%)
black_box          0.0000            0.0000            0.0000            0.0000  (   0.00%)
clock_network  1.7884e+03          190.1335        6.0628e+04        2.0392e+03  (  33.32%)
register       1.2500e+03           68.0841        6.8446e+05        2.0025e+03  (  32.72%)
sequential         0.0000            0.0000            0.0000            0.0000  (   0.00%)
combinational    505.1034        1.2032e+03        3.7064e+05        2.0790e+03  (  33.97%)
--------------------------------------------------------------------------------------------------
Total          3.5435e+03 uW     1.4614e+03 uW     1.1157e+06 nW     6.1206e+03 uW
1
