Information: Updating design information... (UID-85)
Information: Propagating switching activity (low effort zero delay simulation). (PWR-6)
 
****************************************
Report : power
        -analysis_effort low
Design : dp
Version: F-2011.09-SP3
Date   : Tue Feb  4 01:53:25 2020
****************************************


Library(s) Used:

    NangateOpenCellLibrary (File: /home/mg.lowpower/do/libnangate/NangateOpenCellLibrary_typical_ecsm.db)


Operating Conditions: typical   Library: NangateOpenCellLibrary
Wire Load Model Mode: top

Design        Wire Load Model            Library
------------------------------------------------
dp                     5K_hvratio_1_1    NangateOpenCellLibrary


Global Operating Voltage = 1.1  
Power-specific unit information :
    Voltage Units = 1V
    Capacitance Units = 1.000000ff
    Time Units = 1ns
    Dynamic Power Units = 1uW    (derived from V,C,T units)
    Leakage Power Units = 1nW


  Cell Internal Power  =   3.6171 mW   (67%)
  Net Switching Power  =   1.7528 mW   (33%)
                         ---------
Total Dynamic Power    =   5.3699 mW  (100%)

Cell Leakage Power     = 534.5826 uW


                 Internal         Switching           Leakage            Total
Power Group      Power            Power               Power              Power   (   %    )  Attrs
--------------------------------------------------------------------------------------------------
io_pad             0.0000            0.0000            0.0000            0.0000  (   0.00%)
memory             0.0000            0.0000            0.0000            0.0000  (   0.00%)
black_box          0.0000            0.0000            0.0000            0.0000  (   0.00%)
clock_network    456.7051          835.7545        1.1822e+04        1.3043e+03  (  22.09%)
register       2.8009e+03           48.2291        2.3899e+05        3.0881e+03  (  52.30%)
sequential         0.0000            0.0000            0.0000            0.0000  (   0.00%)
combinational    359.4712          868.7991        2.8376e+05        1.5120e+03  (  25.61%)
--------------------------------------------------------------------------------------------------
Total          3.6171e+03 uW     1.7528e+03 uW     5.3458e+05 nW     5.9045e+03 uW
1
