Information: Updating design information... (UID-85)
Information: Propagating switching activity (low effort zero delay simulation). (PWR-6)
 
****************************************
Report : power
        -analysis_effort low
Design : dp
Version: F-2011.09-SP3
Date   : Tue Jan 21 00:50:21 2020
****************************************


Library(s) Used:

    NangateOpenCellLibrary (File: /home/mg.lowpower/do/libnangate/NangateOpenCellLibrary_typical_ecsm.db)


Operating Conditions: typical   Library: NangateOpenCellLibrary
Wire Load Model Mode: top

Design        Wire Load Model            Library
------------------------------------------------
dp                     5K_hvratio_1_1    NangateOpenCellLibrary


Global Operating Voltage = 1.1  
Power-specific unit information :
    Voltage Units = 1V
    Capacitance Units = 1.000000ff
    Time Units = 1ns
    Dynamic Power Units = 1uW    (derived from V,C,T units)
    Leakage Power Units = 1nW


  Cell Internal Power  =   4.1821 mW   (63%)
  Net Switching Power  =   2.4558 mW   (37%)
                         ---------
Total Dynamic Power    =   6.6380 mW  (100%)

Cell Leakage Power     = 517.9149 uW


                 Internal         Switching           Leakage            Total
Power Group      Power            Power               Power              Power   (   %    )  Attrs
--------------------------------------------------------------------------------------------------
io_pad             0.0000            0.0000            0.0000            0.0000  (   0.00%)
memory             0.0000            0.0000            0.0000            0.0000  (   0.00%)
black_box          0.0000            0.0000            0.0000            0.0000  (   0.00%)
clock_network    454.5019          840.2230        1.1090e+04        1.3058e+03  (  18.25%)
register       2.4360e+03           62.7058        2.2652e+05        2.7253e+03  (  38.08%)
sequential         0.0000            0.0000            0.0000            0.0000  (   0.00%)
combinational  1.2916e+03        1.5529e+03        2.8031e+05        3.1248e+03  (  43.67%)
--------------------------------------------------------------------------------------------------
Total          4.1821e+03 uW     2.4558e+03 uW     5.1791e+05 nW     7.1559e+03 uW
1
