Loading db file '/home/mg.lowpower/do/libnangate/NangateOpenCellLibrary_typical_ecsm.db'
Information: Propagating switching activity (low effort zero delay simulation). (PWR-6)
Warning: Design has unannotated primary inputs. (PWR-414)
Warning: Design has unannotated sequential cell outputs. (PWR-415)
 
****************************************
Report : power
        -analysis_effort low
Design : dp
Version: F-2011.09-SP3
Date   : Sat Jan 18 18:38:29 2020
****************************************


Library(s) Used:

    NangateOpenCellLibrary (File: /home/mg.lowpower/do/libnangate/NangateOpenCellLibrary_typical_ecsm.db)


Operating Conditions: typical   Library: NangateOpenCellLibrary
Wire Load Model Mode: top

Design        Wire Load Model            Library
------------------------------------------------
dp                     5K_hvratio_1_1    NangateOpenCellLibrary


Global Operating Voltage = 1.1  
Power-specific unit information :
    Voltage Units = 1V
    Capacitance Units = 1.000000ff
    Time Units = 1ns
    Dynamic Power Units = 1uW    (derived from V,C,T units)
    Leakage Power Units = 1nW


  Cell Internal Power  =   5.3017 mW   (75%)
  Net Switching Power  =   1.7283 mW   (25%)
                         ---------
Total Dynamic Power    =   7.0301 mW  (100%)

Cell Leakage Power     = 702.4950 uW


                 Internal         Switching           Leakage            Total
Power Group      Power            Power               Power              Power   (   %    )  Attrs
--------------------------------------------------------------------------------------------------
io_pad             0.0000            0.0000            0.0000            0.0000  (   0.00%)
memory             0.0000            0.0000            0.0000            0.0000  (   0.00%)
black_box          0.0000            0.0000            0.0000            0.0000  (   0.00%)
clock_network  2.9516e+03          370.8653        5.4128e+04        3.3766e+03  (  43.67%)
register       1.9764e+03           26.7389        3.7120e+05        2.3743e+03  (  30.71%)
sequential         0.0000            0.0000            0.0000            0.0000  (   0.00%)
combinational    373.7436        1.3307e+03        2.7717e+05        1.9816e+03  (  25.63%)
--------------------------------------------------------------------------------------------------
Total          5.3017e+03 uW     1.7283e+03 uW     7.0250e+05 nW     7.7326e+03 uW
1
